------------------------------------------------------------
Timing Analyzer Summary
------------------------------------------------------------

Type  : Slow 1200mV 85C Model Setup 'clk_clk'
Slack : -3.349
TNS   : -285.307

Type  : Slow 1200mV 85C Model Hold 'clk_clk'
Slack : 0.263
TNS   : 0.000

Type  : Slow 1200mV 85C Model Recovery 'clk_clk'
Slack : -1.217
TNS   : -66.510

Type  : Slow 1200mV 85C Model Removal 'clk_clk'
Slack : 0.979
TNS   : 0.000

Type  : Slow 1200mV 85C Model Minimum Pulse Width 'clk_clk'
Slack : -3.000
TNS   : -252.468

Type  : Slow 1200mV 0C Model Setup 'clk_clk'
Slack : -3.011
TNS   : -250.760

Type  : Slow 1200mV 0C Model Hold 'clk_clk'
Slack : 0.257
TNS   : 0.000

Type  : Slow 1200mV 0C Model Recovery 'clk_clk'
Slack : -1.061
TNS   : -54.592

Type  : Slow 1200mV 0C Model Removal 'clk_clk'
Slack : 0.885
TNS   : 0.000

Type  : Slow 1200mV 0C Model Minimum Pulse Width 'clk_clk'
Slack : -3.000
TNS   : -251.756

Type  : Fast 1200mV 0C Model Setup 'clk_clk'
Slack : -0.958
TNS   : -44.376

Type  : Fast 1200mV 0C Model Hold 'clk_clk'
Slack : 0.103
TNS   : 0.000

Type  : Fast 1200mV 0C Model Recovery 'clk_clk'
Slack : -0.054
TNS   : -0.637

Type  : Fast 1200mV 0C Model Removal 'clk_clk'
Slack : 0.427
TNS   : 0.000

Type  : Fast 1200mV 0C Model Minimum Pulse Width 'clk_clk'
Slack : -3.000
TNS   : -180.379

------------------------------------------------------------
